// Vitest Snapshot v1, https://vitest.dev/guide/snapshot.html

exports[`CLI Launch Behavior > records orbit mission launch through the API and worker docker run 1`] = `
{
  "exitCode": 0,
  "history": [
    "[<cwd>] docker image inspect orbit-worker:local",
    "[<cwd>] docker run --rm --entrypoint /usr/local/share/npm-global/bin/gemini orbit-worker:local --version",
    "[<tmp>/orbit-root/workspaces/test-repo/cli-123] git rev-parse --is-inside-work-tree",
    "[<tmp>/orbit-root/workspaces/test-repo/cli-123] git init",
    "[<tmp>/orbit-root/workspaces/test-repo/cli-123] git remote add origin https://github.com/google-gemini/gemini-cli.git",
    "[<tmp>/orbit-root/workspaces/test-repo/cli-123] git fetch --quiet --depth=1 origin cli-123",
    "[<tmp>/orbit-root/workspaces/test-repo/cli-123] git rev-parse --verify refs/heads/cli-123",
    "[<tmp>/orbit-root/workspaces/test-repo/cli-123] git rev-parse --verify refs/remotes/origin/cli-123",
    "[<tmp>/orbit-root/workspaces/test-repo/cli-123] git checkout cli-123",
    "[<cwd>] docker rm -f orbit-cli-123-<ts>",
    "[<cwd>] docker run -d -it --name orbit-cli-123-<ts> --user root --label orbit-mission -v <tmp>/orbit-root/workspaces/test-repo/cli-123:/orbit/workspaces/test-repo/cli-123 -v <tmp>/orbit-root/manifests/orbit-manifest-cli-123-<ts>.json:/orbit/manifest.json -v <tmp>/orbit-root/home/.gemini:/orbit/home/.gemini -v <cwd>/.gemini/policies:/orbit/.gemini/policies:ro -v <cwd>/bundle:/orbit/bundle:ro -v <cwd>/docker/starfleet-entrypoint.sh:/usr/local/bin/starfleet-entrypoint.sh:ro --tmpfs /run/orbit/auth -e HOME=/orbit/home -e GCLI_ORBIT_MISSION_ID=cli-123 -e GCLI_ORBIT_ACTION=review -e GCLI_ORBIT_SESSION_NAME=test-repo/cli-123/review -e GCLI_TRUST=1 test-worker-image /bin/bash -c /usr/local/bin/starfleet-entrypoint.sh review",
  ],
}
`;
